2025-05-18 02:22:06.707 [info] [main] Log level: Info
2025-05-18 02:22:06.707 [info] [main] Validating found git in: "git"
2025-05-18 02:22:06.707 [info] [main] Using git "2.43.0" from "git"
2025-05-18 02:22:06.707 [info] [Model][doInitialScan] Initial repository scan started
2025-05-18 02:22:06.707 [info] > git rev-parse --show-toplevel [31ms]
2025-05-18 02:22:06.707 [info] fatal: not a git repository (or any of the parent directories): .git
2025-05-18 02:22:06.707 [info] > git rev-parse --show-toplevel [47ms]
2025-05-18 02:22:06.707 [info] fatal: not a git repository (or any of the parent directories): .git
2025-05-18 02:22:06.707 [info] > git rev-parse --show-toplevel [78ms]
2025-05-18 02:22:06.707 [info] fatal: not a git repository (or any of the parent directories): .git
2025-05-18 02:22:06.707 [info] > git rev-parse --show-toplevel [13ms]
2025-05-18 02:22:06.707 [info] fatal: not a git repository (or any of the parent directories): .git
2025-05-18 02:22:06.707 [info] > git rev-parse --show-toplevel [13ms]
2025-05-18 02:22:06.707 [info] fatal: not a git repository (or any of the parent directories): .git
2025-05-18 02:22:06.707 [info] > git rev-parse --show-toplevel [4ms]
2025-05-18 02:22:06.707 [info] fatal: not a git repository (or any of the parent directories): .git
2025-05-18 02:22:06.707 [info] > git rev-parse --show-toplevel [16ms]
2025-05-18 02:22:06.707 [info] fatal: not a git repository (or any of the parent directories): .git
2025-05-18 02:22:06.707 [info] > git rev-parse --show-toplevel [12ms]
2025-05-18 02:22:06.707 [info] fatal: not a git repository (or any of the parent directories): .git
2025-05-18 02:22:06.707 [info] > git rev-parse --show-toplevel [10ms]
2025-05-18 02:22:06.707 [info] fatal: not a git repository (or any of the parent directories): .git
2025-05-18 02:22:06.707 [info] > git rev-parse --show-toplevel [7ms]
2025-05-18 02:22:06.707 [info] fatal: not a git repository (or any of the parent directories): .git
2025-05-18 02:22:06.707 [info] > git rev-parse --show-toplevel [6ms]
2025-05-18 02:22:06.707 [info] fatal: not a git repository (or any of the parent directories): .git
2025-05-18 02:22:06.707 [info] > git rev-parse --show-toplevel [15ms]
2025-05-18 02:22:06.707 [info] fatal: not a git repository (or any of the parent directories): .git
2025-05-18 02:22:06.707 [info] > git rev-parse --show-toplevel [14ms]
2025-05-18 02:22:06.707 [info] fatal: not a git repository (or any of the parent directories): .git
2025-05-18 02:22:06.707 [info] > git rev-parse --show-toplevel [15ms]
2025-05-18 02:22:06.707 [info] fatal: not a git repository (or any of the parent directories): .git
2025-05-18 02:22:06.707 [info] > git rev-parse --show-toplevel [16ms]
2025-05-18 02:22:06.707 [info] fatal: not a git repository (or any of the parent directories): .git
2025-05-18 02:22:06.707 [info] [Model][doInitialScan] Initial repository scan completed - repositories (0), closed repositories (0), parent repositories (0), unsafe repositories (0)
2025-05-18 02:22:15.480 [info] > git rev-parse --show-toplevel [66ms]
2025-05-18 02:22:15.481 [info] fatal: not a git repository (or any of the parent directories): .git
2025-05-18 02:25:04.311 [info] > git rev-parse --show-toplevel [23ms]
2025-05-18 02:25:04.311 [info] fatal: not a git repository (or any of the parent directories): .git
2025-05-18 02:36:49.130 [info] > git rev-parse --show-toplevel [5ms]
2025-05-18 02:36:49.130 [info] fatal: not a git repository (or any of the parent directories): .git
2025-05-18 02:40:26.884 [info] > git rev-parse --show-toplevel [7ms]
2025-05-18 02:40:26.884 [info] fatal: not a git repository (or any of the parent directories): .git
2025-05-18 02:49:48.013 [info] > git rev-parse --show-toplevel [5ms]
2025-05-18 02:49:48.013 [info] fatal: not a git repository (or any of the parent directories): .git
2025-05-18 05:14:54.696 [info] > git rev-parse --show-toplevel [5ms]
2025-05-18 05:14:54.696 [info] fatal: not a git repository (or any of the parent directories): .git
2025-05-18 05:17:57.274 [info] > git rev-parse --show-toplevel [100ms]
2025-05-18 05:17:57.274 [info] fatal: not a git repository (or any of the parent directories): .git
2025-05-18 05:21:08.870 [info] > git rev-parse --show-toplevel [2ms]
2025-05-18 05:21:08.870 [info] fatal: not a git repository (or any of the parent directories): .git
2025-05-18 05:42:44.440 [info] > git rev-parse --show-toplevel [4ms]
2025-05-18 05:42:44.440 [info] fatal: not a git repository (or any of the parent directories): .git
