2025-05-05 02:14:09.140 [info] [main] Log level: Info
2025-05-05 02:14:09.140 [info] [main] Validating found git in: "git"
2025-05-05 02:14:09.140 [info] [main] Using git "2.43.0" from "git"
2025-05-05 02:14:09.140 [info] [Model][doInitialScan] Initial repository scan started
2025-05-05 02:14:09.140 [info] > git rev-parse --show-toplevel [35ms]
2025-05-05 02:14:09.140 [info] fatal: not a git repository (or any of the parent directories): .git
2025-05-05 02:14:09.140 [info] > git rev-parse --show-toplevel [4918ms]
2025-05-05 02:14:09.140 [info] fatal: not a git repository (or any of the parent directories): .git
2025-05-05 02:14:09.140 [info] > git rev-parse --show-toplevel [564ms]
2025-05-05 02:14:09.140 [info] fatal: not a git repository (or any of the parent directories): .git
2025-05-05 02:14:09.624 [info] > git rev-parse --show-toplevel [471ms]
2025-05-05 02:14:09.625 [info] fatal: not a git repository (or any of the parent directories): .git
2025-05-05 02:14:10.379 [info] > git rev-parse --show-toplevel [559ms]
2025-05-05 02:14:10.379 [info] fatal: not a git repository (or any of the parent directories): .git
2025-05-05 02:14:12.137 [info] > git rev-parse --show-toplevel [752ms]
2025-05-05 02:14:12.140 [info] fatal: not a git repository (or any of the parent directories): .git
2025-05-05 02:14:12.193 [info] > git rev-parse --show-toplevel [33ms]
2025-05-05 02:14:12.194 [info] fatal: not a git repository (or any of the parent directories): .git
2025-05-05 02:14:12.229 [info] > git rev-parse --show-toplevel [4ms]
2025-05-05 02:14:12.230 [info] fatal: not a git repository (or any of the parent directories): .git
2025-05-05 02:14:12.257 [info] > git rev-parse --show-toplevel [16ms]
2025-05-05 02:14:12.257 [info] fatal: not a git repository (or any of the parent directories): .git
2025-05-05 02:14:12.286 [info] > git rev-parse --show-toplevel [9ms]
2025-05-05 02:14:12.292 [info] fatal: not a git repository (or any of the parent directories): .git
2025-05-05 02:14:12.579 [info] > git rev-parse --show-toplevel [270ms]
2025-05-05 02:14:12.586 [info] fatal: not a git repository (or any of the parent directories): .git
2025-05-05 02:14:12.804 [info] > git rev-parse --show-toplevel [109ms]
2025-05-05 02:14:12.804 [info] fatal: not a git repository (or any of the parent directories): .git
2025-05-05 02:14:13.089 [info] > git rev-parse --show-toplevel [25ms]
2025-05-05 02:14:13.089 [info] fatal: not a git repository (or any of the parent directories): .git
2025-05-05 02:14:13.152 [info] > git rev-parse --show-toplevel [26ms]
2025-05-05 02:14:13.152 [info] fatal: not a git repository (or any of the parent directories): .git
2025-05-05 02:14:13.222 [info] > git rev-parse --show-toplevel [13ms]
2025-05-05 02:14:13.222 [info] fatal: not a git repository (or any of the parent directories): .git
2025-05-05 02:14:13.235 [info] > git rev-parse --show-toplevel [3ms]
2025-05-05 02:14:13.235 [info] fatal: not a git repository (or any of the parent directories): .git
2025-05-05 02:14:13.508 [info] > git rev-parse --show-toplevel [262ms]
2025-05-05 02:14:13.508 [info] fatal: not a git repository (or any of the parent directories): .git
2025-05-05 02:14:13.511 [info] [Model][doInitialScan] Initial repository scan completed - repositories (0), closed repositories (0), parent repositories (0), unsafe repositories (0)
2025-05-05 02:14:13.655 [info] > git rev-parse --show-toplevel [123ms]
2025-05-05 02:14:13.655 [info] fatal: not a git repository (or any of the parent directories): .git
2025-05-05 03:34:27.744 [info] > git rev-parse --show-toplevel [13ms]
2025-05-05 03:34:27.744 [info] fatal: not a git repository (or any of the parent directories): .git
2025-05-05 03:34:59.504 [info] > git rev-parse --show-toplevel [5ms]
2025-05-05 03:34:59.505 [info] fatal: not a git repository (or any of the parent directories): .git
2025-05-05 03:35:06.936 [info] > git rev-parse --show-toplevel [10ms]
2025-05-05 03:35:06.936 [info] fatal: not a git repository (or any of the parent directories): .git
2025-05-05 03:35:08.127 [info] > git rev-parse --show-toplevel [2ms]
2025-05-05 03:35:08.127 [info] fatal: not a git repository (or any of the parent directories): .git
2025-05-05 03:35:09.057 [info] > git rev-parse --show-toplevel [7ms]
2025-05-05 03:35:09.057 [info] fatal: not a git repository (or any of the parent directories): .git
2025-05-05 03:35:10.869 [info] > git rev-parse --show-toplevel [4ms]
2025-05-05 03:35:10.869 [info] fatal: not a git repository (or any of the parent directories): .git
2025-05-05 03:35:11.322 [info] > git rev-parse --show-toplevel [5ms]
2025-05-05 03:35:11.322 [info] fatal: not a git repository (or any of the parent directories): .git
2025-05-05 03:35:11.799 [info] > git rev-parse --show-toplevel [6ms]
2025-05-05 03:35:11.800 [info] fatal: not a git repository (or any of the parent directories): .git
