2025-05-11 03:16:44.168 [info] [main] Log level: Info
2025-05-11 03:16:44.168 [info] [main] Validating found git in: "git"
2025-05-11 03:16:44.168 [info] [main] Using git "2.43.0" from "git"
2025-05-11 03:16:44.168 [info] [Model][doInitialScan] Initial repository scan started
2025-05-11 03:16:44.168 [info] > git rev-parse --show-toplevel [53ms]
2025-05-11 03:16:44.168 [info] fatal: not a git repository (or any of the parent directories): .git
2025-05-11 03:16:44.168 [info] > git rev-parse --show-toplevel [281ms]
2025-05-11 03:16:44.168 [info] fatal: not a git repository (or any of the parent directories): .git
2025-05-11 03:16:50.201 [info] > git rev-parse --show-toplevel [297ms]
2025-05-11 03:16:50.203 [info] fatal: not a git repository (or any of the parent directories): .git
2025-05-11 03:16:51.236 [info] > git rev-parse --show-toplevel [1011ms]
2025-05-11 03:16:51.236 [info] fatal: not a git repository (or any of the parent directories): .git
2025-05-11 03:16:53.142 [info] > git rev-parse --show-toplevel [843ms]
2025-05-11 03:16:53.142 [info] fatal: not a git repository (or any of the parent directories): .git
2025-05-11 03:16:53.177 [info] > git rev-parse --show-toplevel [29ms]
2025-05-11 03:16:53.177 [info] fatal: not a git repository (or any of the parent directories): .git
2025-05-11 03:16:53.189 [info] > git rev-parse --show-toplevel [4ms]
2025-05-11 03:16:53.190 [info] fatal: not a git repository (or any of the parent directories): .git
2025-05-11 03:16:53.226 [info] > git rev-parse --show-toplevel [27ms]
2025-05-11 03:16:53.226 [info] fatal: not a git repository (or any of the parent directories): .git
2025-05-11 03:16:53.343 [info] > git rev-parse --show-toplevel [88ms]
2025-05-11 03:16:53.344 [info] fatal: not a git repository (or any of the parent directories): .git
2025-05-11 03:16:53.728 [info] > git rev-parse --show-toplevel [92ms]
2025-05-11 03:16:53.728 [info] fatal: not a git repository (or any of the parent directories): .git
2025-05-11 03:16:54.220 [info] > git rev-parse --show-toplevel [466ms]
2025-05-11 03:16:54.223 [info] fatal: not a git repository (or any of the parent directories): .git
2025-05-11 03:16:54.281 [info] > git rev-parse --show-toplevel [29ms]
2025-05-11 03:16:54.281 [info] fatal: not a git repository (or any of the parent directories): .git
2025-05-11 03:16:54.319 [info] > git rev-parse --show-toplevel [30ms]
2025-05-11 03:16:54.320 [info] fatal: not a git repository (or any of the parent directories): .git
2025-05-11 03:16:55.022 [info] > git rev-parse --show-toplevel [678ms]
2025-05-11 03:16:55.023 [info] fatal: not a git repository (or any of the parent directories): .git
2025-05-11 03:17:00.005 [info] > git rev-parse --show-toplevel [211ms]
2025-05-11 03:17:00.005 [info] fatal: not a git repository (or any of the parent directories): .git
2025-05-11 03:17:00.011 [info] [Model][doInitialScan] Initial repository scan completed - repositories (0), closed repositories (0), parent repositories (0), unsafe repositories (0)
2025-05-11 03:22:44.825 [info] > git rev-parse --show-toplevel [20ms]
2025-05-11 03:22:44.826 [info] fatal: not a git repository (or any of the parent directories): .git
2025-05-11 03:22:45.191 [info] > git rev-parse --show-toplevel [4ms]
2025-05-11 03:22:45.192 [info] fatal: not a git repository (or any of the parent directories): .git
2025-05-11 03:22:45.992 [info] > git rev-parse --show-toplevel [10ms]
2025-05-11 03:22:45.996 [info] fatal: not a git repository (or any of the parent directories): .git
2025-05-11 03:22:46.268 [info] > git rev-parse --show-toplevel [2ms]
2025-05-11 03:22:46.268 [info] fatal: not a git repository (or any of the parent directories): .git
2025-05-11 03:24:05.124 [info] > git rev-parse --show-toplevel [5ms]
2025-05-11 03:24:05.124 [info] fatal: not a git repository (or any of the parent directories): .git
2025-05-11 03:24:11.412 [info] > git rev-parse --show-toplevel [9ms]
2025-05-11 03:24:11.412 [info] fatal: not a git repository (or any of the parent directories): .git
2025-05-11 03:24:27.291 [info] > git rev-parse --show-toplevel [7ms]
2025-05-11 03:24:27.291 [info] fatal: not a git repository (or any of the parent directories): .git
2025-05-11 03:24:28.978 [info] > git rev-parse --show-toplevel [84ms]
2025-05-11 03:24:28.980 [info] fatal: not a git repository (or any of the parent directories): .git
2025-05-11 03:24:47.613 [info] > git rev-parse --show-toplevel [6ms]
2025-05-11 03:24:47.613 [info] fatal: not a git repository (or any of the parent directories): .git
2025-05-11 03:24:54.472 [info] > git rev-parse --show-toplevel [3ms]
2025-05-11 03:24:54.472 [info] fatal: not a git repository (or any of the parent directories): .git
2025-05-11 03:24:57.218 [info] > git rev-parse --show-toplevel [3ms]
2025-05-11 03:24:57.218 [info] fatal: not a git repository (or any of the parent directories): .git
