2025-05-05 21:06:33.420 [info] [main] Log level: Info
2025-05-05 21:06:33.420 [info] [main] Validating found git in: "git"
2025-05-05 21:06:33.420 [info] [main] Using git "2.43.0" from "git"
2025-05-05 21:06:33.420 [info] [Model][doInitialScan] Initial repository scan started
2025-05-05 21:06:33.420 [info] > git rev-parse --show-toplevel [17ms]
2025-05-05 21:06:33.420 [info] fatal: not a git repository (or any of the parent directories): .git
2025-05-05 21:06:33.420 [info] > git rev-parse --show-toplevel [499ms]
2025-05-05 21:06:33.420 [info] fatal: not a git repository (or any of the parent directories): .git
2025-05-05 21:06:37.839 [info] > git rev-parse --show-toplevel [2199ms]
2025-05-05 21:06:37.842 [info] fatal: not a git repository (or any of the parent directories): .git
2025-05-05 21:06:37.892 [info] > git rev-parse --show-toplevel [33ms]
2025-05-05 21:06:37.894 [info] fatal: not a git repository (or any of the parent directories): .git
2025-05-05 21:06:37.912 [info] > git rev-parse --show-toplevel [7ms]
2025-05-05 21:06:37.912 [info] fatal: not a git repository (or any of the parent directories): .git
2025-05-05 21:06:37.944 [info] > git rev-parse --show-toplevel [8ms]
2025-05-05 21:06:37.944 [info] fatal: not a git repository (or any of the parent directories): .git
2025-05-05 21:06:37.978 [info] > git rev-parse --show-toplevel [10ms]
2025-05-05 21:06:37.979 [info] fatal: not a git repository (or any of the parent directories): .git
2025-05-05 21:06:37.990 [info] > git rev-parse --show-toplevel [1ms]
2025-05-05 21:06:37.993 [info] fatal: not a git repository (or any of the parent directories): .git
2025-05-05 21:06:38.022 [info] > git rev-parse --show-toplevel [2ms]
2025-05-05 21:06:38.022 [info] fatal: not a git repository (or any of the parent directories): .git
2025-05-05 21:06:38.047 [info] > git rev-parse --show-toplevel [4ms]
2025-05-05 21:06:38.047 [info] fatal: not a git repository (or any of the parent directories): .git
2025-05-05 21:06:38.057 [info] > git rev-parse --show-toplevel [3ms]
2025-05-05 21:06:38.057 [info] fatal: not a git repository (or any of the parent directories): .git
2025-05-05 21:06:38.072 [info] > git rev-parse --show-toplevel [4ms]
2025-05-05 21:06:38.074 [info] fatal: not a git repository (or any of the parent directories): .git
2025-05-05 21:06:38.112 [info] > git rev-parse --show-toplevel [9ms]
2025-05-05 21:06:38.112 [info] fatal: not a git repository (or any of the parent directories): .git
2025-05-05 21:06:38.490 [info] > git rev-parse --show-toplevel [345ms]
2025-05-05 21:06:38.490 [info] fatal: not a git repository (or any of the parent directories): .git
2025-05-05 21:06:44.085 [info] > git rev-parse --show-toplevel [444ms]
2025-05-05 21:06:44.085 [info] fatal: not a git repository (or any of the parent directories): .git
2025-05-05 21:06:44.088 [info] [Model][doInitialScan] Initial repository scan completed - repositories (0), closed repositories (0), parent repositories (0), unsafe repositories (0)
