2025-04-17T23:59:34: PM2 log: ===============================================================================
2025-04-17T23:59:34: PM2 log: --- New PM2 Daemon started ----------------------------------------------------
2025-04-17T23:59:34: PM2 log: Time                 : Thu Apr 17 2025 23:59:34 GMT+0300 (Eastern European Summer Time)
2025-04-17T23:59:34: PM2 log: PM2 version          : 6.0.5
2025-04-17T23:59:34: PM2 log: Node.js version      : 18.19.1
2025-04-17T23:59:34: PM2 log: Current arch         : x64
2025-04-17T23:59:34: PM2 log: PM2 home             : /root/.pm2
2025-04-17T23:59:34: PM2 log: PM2 PID file         : /root/.pm2/pm2.pid
2025-04-17T23:59:34: PM2 log: RPC socket file      : /root/.pm2/rpc.sock
2025-04-17T23:59:34: PM2 log: BUS socket file      : /root/.pm2/pub.sock
2025-04-17T23:59:34: PM2 log: Application log path : /root/.pm2/logs
2025-04-17T23:59:34: PM2 log: Worker Interval      : 30000
2025-04-17T23:59:34: PM2 log: Process dump file    : /root/.pm2/dump.pm2
2025-04-17T23:59:34: PM2 log: Concurrent actions   : 2
2025-04-17T23:59:34: PM2 log: SIGTERM timeout      : 1600
2025-04-17T23:59:34: PM2 log: Runtime Binary       : /usr/bin/node
2025-04-17T23:59:34: PM2 log: ===============================================================================
2025-04-17T23:59:34: PM2 log: App [sportstracker-api:0] starting in -fork mode-
2025-04-17T23:59:34: PM2 log: App [sportstracker-api:0] online
2025-04-29T01:26:58: PM2 log: Stopping app:sportstracker-api id:0
2025-04-29T01:26:58: PM2 log: App [sportstracker-api:0] exited with code [0] via signal [SIGINT]
2025-04-29T01:26:58: PM2 log: pid=133542 msg=process killed
2025-05-02T21:41:41: PM2 log: pm2 has been killed by signal, dumping process list before exit...
2025-05-02T21:41:41: PM2 log: Deleting process 0
2025-05-02T21:41:41: PM2 log: Exited peacefully
2025-05-02T21:41:59: PM2 log: ===============================================================================
2025-05-02T21:41:59: PM2 log: --- New PM2 Daemon started ----------------------------------------------------
2025-05-02T21:41:59: PM2 log: Time                 : Fri May 02 2025 21:41:59 GMT+0300 (Eastern European Summer Time)
2025-05-02T21:41:59: PM2 log: PM2 version          : 6.0.5
2025-05-02T21:41:59: PM2 log: Node.js version      : 18.19.1
2025-05-02T21:41:59: PM2 log: Current arch         : x64
2025-05-02T21:41:59: PM2 log: PM2 home             : /root/.pm2
2025-05-02T21:41:59: PM2 log: PM2 PID file         : /root/.pm2/pm2.pid
2025-05-02T21:41:59: PM2 log: RPC socket file      : /root/.pm2/rpc.sock
2025-05-02T21:42:00: PM2 log: BUS socket file      : /root/.pm2/pub.sock
2025-05-02T21:42:00: PM2 log: Application log path : /root/.pm2/logs
2025-05-02T21:42:00: PM2 log: Worker Interval      : 30000
2025-05-02T21:42:00: PM2 log: Process dump file    : /root/.pm2/dump.pm2
2025-05-02T21:42:00: PM2 log: Concurrent actions   : 2
2025-05-02T21:42:00: PM2 log: SIGTERM timeout      : 1600
2025-05-02T21:42:00: PM2 log: Runtime Binary       : /usr/bin/node
2025-05-02T21:42:00: PM2 log: ===============================================================================
2025-05-08T22:26:41: PM2 log: App [sportstracker-api:0] starting in -fork mode-
2025-05-08T22:26:41: PM2 log: App [sportstracker-api:0] online
2025-05-09T00:25:57: PM2 log: Stopping app:sportstracker-api id:0
2025-05-09T00:25:57: PM2 log: App [sportstracker-api:0] exited with code [0] via signal [SIGINT]
2025-05-09T00:25:57: PM2 log: pid=99616 msg=process killed
2025-05-09T02:01:39: PM2 log: App [sportstracker-api:0] starting in -fork mode-
2025-05-09T02:01:39: PM2 log: App [sportstracker-api:0] online
2025-05-09T02:19:29: PM2 log: Stopping app:sportstracker-api id:0
2025-05-09T02:19:29: PM2 log: App [sportstracker-api:0] exited with code [0] via signal [SIGINT]
2025-05-09T02:19:29: PM2 log: pid=102529 msg=process killed
2025-05-10T21:45:38: PM2 log: App [sportstracker-api:0] starting in -fork mode-
2025-05-10T21:45:38: PM2 log: App [sportstracker-api:0] online
2025-05-11T03:25:53: PM2 log: Stopping app:sportstracker-api id:0
2025-05-11T03:25:53: PM2 log: App [sportstracker-api:0] exited with code [0] via signal [SIGINT]
2025-05-11T03:25:53: PM2 log: pid=124422 msg=process killed
2025-05-11T03:25:53: PM2 log: App [sportstracker-api:0] starting in -fork mode-
2025-05-11T03:25:53: PM2 log: App [sportstracker-api:0] online
2025-05-11T03:46:26: PM2 log: Stopping app:sportstracker-api id:0
2025-05-11T03:46:26: PM2 log: App [sportstracker-api:0] exited with code [0] via signal [SIGINT]
2025-05-11T03:46:26: PM2 log: pid=128045 msg=process killed
2025-05-13T21:42:00: PM2 log: [PM2] This PM2 is not UP TO DATE
2025-05-13T21:42:00: PM2 log: [PM2] Upgrade to version 6.0.6
2025-05-14T21:42:00: PM2 log: [PM2] This PM2 is not UP TO DATE
2025-05-14T21:42:00: PM2 log: [PM2] Upgrade to version 6.0.6
2025-05-15T21:42:00: PM2 log: [PM2] This PM2 is not UP TO DATE
2025-05-15T21:42:00: PM2 log: [PM2] Upgrade to version 6.0.6
2025-05-16T21:42:00: PM2 log: [PM2] This PM2 is not UP TO DATE
2025-05-16T21:42:00: PM2 log: [PM2] Upgrade to version 6.0.6
2025-05-16T22:28:12: PM2 log: PM2 successfully stopped
2025-05-16T22:28:28: PM2 log: ===============================================================================
2025-05-16T22:28:28: PM2 log: --- New PM2 Daemon started ----------------------------------------------------
2025-05-16T22:28:28: PM2 log: Time                 : Fri May 16 2025 22:28:28 GMT+0300 (Eastern European Summer Time)
2025-05-16T22:28:28: PM2 log: PM2 version          : 6.0.5
2025-05-16T22:28:28: PM2 log: Node.js version      : 18.19.1
2025-05-16T22:28:28: PM2 log: Current arch         : x64
2025-05-16T22:28:28: PM2 log: PM2 home             : /root/.pm2
2025-05-16T22:28:28: PM2 log: PM2 PID file         : /root/.pm2/pm2.pid
2025-05-16T22:28:28: PM2 log: RPC socket file      : /root/.pm2/rpc.sock
2025-05-16T22:28:28: PM2 log: BUS socket file      : /root/.pm2/pub.sock
2025-05-16T22:28:28: PM2 log: Application log path : /root/.pm2/logs
2025-05-16T22:28:28: PM2 log: Worker Interval      : 30000
2025-05-16T22:28:28: PM2 log: Process dump file    : /root/.pm2/dump.pm2
2025-05-16T22:28:28: PM2 log: Concurrent actions   : 2
2025-05-16T22:28:28: PM2 log: SIGTERM timeout      : 1600
2025-05-16T22:28:28: PM2 log: Runtime Binary       : /usr/bin/node
2025-05-16T22:28:28: PM2 log: ===============================================================================
2025-05-16T22:40:21: PM2 log: App [sportstracker-api:0] starting in -fork mode-
2025-05-16T22:40:21: PM2 log: App [sportstracker-api:0] online
2025-05-17T17:18:21: PM2 log: Stopping app:sportstracker-api id:0
2025-05-17T17:18:21: PM2 log: App [sportstracker-api:0] exited with code [0] via signal [SIGINT]
2025-05-17T17:18:22: PM2 log: pid=1390 msg=process killed
2025-05-17T17:18:22: PM2 log: App [sportstracker-api:0] starting in -fork mode-
2025-05-17T17:18:22: PM2 log: App [sportstracker-api:0] online
2025-05-17T17:36:32: PM2 log: Stopping app:sportstracker-api id:0
2025-05-17T17:36:32: PM2 log: App [sportstracker-api:0] exited with code [0] via signal [SIGINT]
2025-05-17T17:36:32: PM2 log: pid=10579 msg=process killed
2025-05-17T17:36:32: PM2 log: App [sportstracker-api:0] starting in -fork mode-
2025-05-17T17:36:32: PM2 log: App [sportstracker-api:0] online
2025-05-17T17:36:57: PM2 log: Stopping app:sportstracker-api id:0
2025-05-17T17:36:57: PM2 log: App [sportstracker-api:0] exited with code [0] via signal [SIGINT]
2025-05-17T17:36:57: PM2 log: pid=10766 msg=process killed
2025-05-17T17:38:47: PM2 log: App [sportstracker-api:0] starting in -fork mode-
2025-05-17T17:38:47: PM2 log: App [sportstracker-api:0] online
2025-05-17T17:56:08: PM2 log: Stopping app:sportstracker-api id:0
2025-05-17T17:56:08: PM2 log: App [sportstracker-api:0] exited with code [0] via signal [SIGINT]
2025-05-17T17:56:08: PM2 log: pid=11027 msg=process killed
2025-05-17T17:56:08: PM2 log: App [sportstracker-api:0] starting in -fork mode-
2025-05-17T17:56:08: PM2 log: App [sportstracker-api:0] online
2025-05-17T22:28:29: PM2 log: [PM2] This PM2 is not UP TO DATE
2025-05-17T22:28:29: PM2 log: [PM2] Upgrade to version 6.0.6
2025-05-18T22:28:29: PM2 log: [PM2] This PM2 is not UP TO DATE
2025-05-18T22:28:29: PM2 log: [PM2] Upgrade to version 6.0.6
2025-05-19T22:28:29: PM2 log: [PM2] This PM2 is not UP TO DATE
2025-05-19T22:28:29: PM2 log: [PM2] Upgrade to version 6.0.6
