0 verbose cli /usr/bin/node /usr/bin/npm
1 info using npm@9.2.0
2 info using node@v18.19.1
3 timing npm:load:whichnode Completed in 0ms
4 timing config:load:defaults Completed in 3ms
5 timing config:load:file:/usr/share/nodejs/npm/npmrc Completed in 17ms
6 timing config:load:builtin Completed in 17ms
7 timing config:load:cli Completed in 10ms
8 timing config:load:env Completed in 1ms
9 timing config:load:file:/root/.cache/typescript/5.8/.npmrc Completed in 0ms
10 timing config:load:project Completed in 41ms
11 timing config:load:file:/root/.npmrc Completed in 0ms
12 timing config:load:user Completed in 0ms
13 timing config:load:file:/etc/npmrc Completed in 6ms
14 timing config:load:global Completed in 7ms
15 timing config:load:setEnvs Completed in 6ms
16 timing config:load Completed in 85ms
17 timing npm:load:configload Completed in 88ms
18 timing npm:load:mkdirpcache Completed in 6ms
19 timing npm:load:mkdirplogs Completed in 3ms
20 verbose title npm install types-registry@latest
21 verbose argv "install" "--ignore-scripts" "types-registry@latest"
22 timing npm:load:setTitle Completed in 4ms
23 timing config:load:flatten Completed in 14ms
24 timing npm:load:display Completed in 17ms
25 verbose logfile logs-max:10 dir:/root/.npm/_logs/2025-05-18T15_50_16_139Z-
26 verbose logfile /root/.npm/_logs/2025-05-18T15_50_16_139Z-debug-0.log
27 timing npm:load:logFile Completed in 13ms
28 timing npm:load:timers Completed in 0ms
29 timing npm:load:configScope Completed in 0ms
30 timing npm:load Completed in 133ms
31 silly logfile start cleaning logs, removing 1 files
32 timing config:load:flatten Completed in 1ms
33 timing arborist:ctor Completed in 2ms
34 silly logfile done cleaning log files
35 timing idealTree:init Completed in 121ms
36 timing arborist:ctor Completed in 0ms
37 http fetch GET 200 https://registry.npmjs.org/types-registry 648ms (cache updated)
38 timing idealTree:userRequests Completed in 693ms
39 silly idealTree buildDeps
40 silly fetch manifest types-registry@0.1.721
41 silly placeDep ROOT types-registry@0.1.721 REPLACE for:  want: 0.1.721
42 timing idealTree:#root Completed in 31ms
43 timing idealTree:node_modules/types-registry Completed in 0ms
44 timing idealTree:buildDeps Completed in 43ms
45 timing idealTree:fixDepFlags Completed in 1ms
46 timing idealTree Completed in 867ms
47 timing reify:loadTrees Completed in 869ms
48 timing reify:diffTrees Completed in 13ms
49 silly reify mark retired [ '/root/.cache/typescript/5.8/node_modules/types-registry' ]
50 silly reify moves {
50 silly reify   '/root/.cache/typescript/5.8/node_modules/types-registry': '/root/.cache/typescript/5.8/node_modules/.types-registry-zgL7WOZu'
50 silly reify }
51 timing reify:retireShallow Completed in 23ms
52 timing reify:createSparse Completed in 2ms
53 timing reify:loadBundles Completed in 0ms
54 silly audit bulk request {
54 silly audit   '@types/bcrypt': [ '5.0.2' ],
54 silly audit   '@types/body-parser': [ '1.19.5' ],
54 silly audit   '@types/connect': [ '3.4.38' ],
54 silly audit   '@types/cors': [ '2.8.18' ],
54 silly audit   '@types/express': [ '5.0.2' ],
54 silly audit   '@types/express-serve-static-core': [ '5.0.6' ],
54 silly audit   '@types/http-errors': [ '2.0.4' ],
54 silly audit   '@types/jsonwebtoken': [ '9.0.9' ],
54 silly audit   '@types/mime': [ '1.3.5' ],
54 silly audit   '@types/ms': [ '2.1.0' ],
54 silly audit   '@types/node': [ '22.14.0' ],
54 silly audit   '@types/nodemailer': [ '6.4.17' ],
54 silly audit   '@types/oauth': [ '0.9.6' ],
54 silly audit   '@types/passport': [ '1.0.17' ],
54 silly audit   '@types/passport-google-oauth20': [ '2.0.16' ],
54 silly audit   '@types/passport-oauth2': [ '1.4.17' ],
54 silly audit   '@types/qs': [ '6.9.18' ],
54 silly audit   '@types/range-parser': [ '1.2.7' ],
54 silly audit   '@types/send': [ '0.17.4' ],
54 silly audit   '@types/serve-static': [ '1.15.7' ],
54 silly audit   'undici-types': [ '6.21.0' ],
54 silly audit   'types-registry': [ '0.1.721' ]
54 silly audit }
55 silly tarball no local data for types-registry@https://registry.npmjs.org/types-registry/-/types-registry-0.1.721.tgz. Extracting by manifest.
56 http fetch POST 200 https://registry.npmjs.org/-/npm/v1/security/advisories/bulk 242ms
57 timing auditReport:getReport Completed in 247ms
58 silly audit report {}
59 timing auditReport:init Completed in 0ms
60 timing reify:audit Completed in 251ms
61 http fetch GET 200 https://registry.npmjs.org/types-registry/-/types-registry-0.1.721.tgz 365ms (cache miss)
62 timing reifyNode:node_modules/types-registry Completed in 396ms
63 timing reify:unpack Completed in 398ms
64 timing reify:unretire Completed in 0ms
65 timing build:queue Completed in 3ms
66 timing build:deps Completed in 3ms
67 timing build Completed in 3ms
68 timing reify:build Completed in 4ms
69 timing reify:trash Completed in 5ms
70 timing reify:save Completed in 46ms
71 timing reify Completed in 1404ms
72 silly CHANGE node_modules/types-registry
73 timing command:install Completed in 1419ms
74 verbose exit 0
75 timing npm Completed in 1617ms
76 info ok
