0 verbose cli /usr/bin/node /usr/bin/npm
1 info using npm@9.2.0
2 info using node@v18.19.1
3 timing npm:load:whichnode Completed in 0ms
4 timing config:load:defaults Completed in 5ms
5 timing config:load:file:/usr/share/nodejs/npm/npmrc Completed in 17ms
6 timing config:load:builtin Completed in 19ms
7 timing config:load:cli Completed in 16ms
8 timing config:load:env Completed in 1ms
9 timing config:load:file:/root/.cache/typescript/5.8/.npmrc Completed in 0ms
10 timing config:load:project Completed in 49ms
11 timing config:load:file:/root/.npmrc Completed in 6ms
12 timing config:load:user Completed in 6ms
13 timing config:load:file:/etc/npmrc Completed in 0ms
14 timing config:load:global Completed in 0ms
15 timing config:load:setEnvs Completed in 8ms
16 timing config:load Completed in 107ms
17 timing npm:load:configload Completed in 109ms
18 timing npm:load:mkdirpcache Completed in 7ms
19 timing npm:load:mkdirplogs Completed in 2ms
20 verbose title npm install @types/bcrypt@ts5.8 @types/cors@ts5.8 @types/express@ts5.8 @types/jsonwebtoken@ts5.8 @types/nodemailer@ts5.8 @types/passport@ts5.8 @types/passport-google-oauth20@ts5.8
21 verbose argv "install" "--ignore-scripts" "@types/bcrypt@ts5.8" "@types/cors@ts5.8" "@types/express@ts5.8" "@types/jsonwebtoken@ts5.8" "@types/nodemailer@ts5.8" "@types/passport@ts5.8" "@types/passport-google-oauth20@ts5.8" "--save-dev" "--user-agent" "typesInstaller/5.8.2"
22 timing npm:load:setTitle Completed in 13ms
23 timing config:load:flatten Completed in 11ms
24 timing npm:load:display Completed in 24ms
25 verbose logfile logs-max:10 dir:/root/.npm/_logs/2025-05-18T15_50_19_802Z-
26 verbose logfile /root/.npm/_logs/2025-05-18T15_50_19_802Z-debug-0.log
27 timing npm:load:logFile Completed in 52ms
28 timing npm:load:timers Completed in 1ms
29 timing npm:load:configScope Completed in 0ms
30 timing npm:load Completed in 209ms
31 timing config:load:flatten Completed in 3ms
32 timing arborist:ctor Completed in 4ms
33 silly logfile start cleaning logs, removing 1 files
34 silly logfile done cleaning log files
35 timing idealTree:init Completed in 212ms
36 timing arborist:ctor Completed in 1ms
37 http fetch GET 200 https://registry.npmjs.org/@types%2fjsonwebtoken 369ms (cache revalidated)
38 http fetch GET 200 https://registry.npmjs.org/@types%2fpassport 382ms (cache revalidated)
39 http fetch GET 200 https://registry.npmjs.org/@types%2fcors 404ms (cache revalidated)
40 http fetch GET 200 https://registry.npmjs.org/@types%2fexpress 404ms (cache revalidated)
41 http fetch GET 200 https://registry.npmjs.org/@types%2fnodemailer 406ms (cache revalidated)
42 http fetch GET 200 https://registry.npmjs.org/@types%2fbcrypt 442ms (cache revalidated)
43 http fetch GET 200 https://registry.npmjs.org/@types%2fpassport-google-oauth20 1440ms (cache revalidated)
44 timing idealTree:userRequests Completed in 1489ms
45 silly idealTree buildDeps
46 silly fetch manifest @types/bcrypt@5.0.2
47 silly fetch manifest @types/cors@2.8.18
48 silly fetch manifest @types/express@5.0.2
49 silly fetch manifest @types/jsonwebtoken@9.0.9
50 silly fetch manifest @types/nodemailer@6.4.17
51 silly fetch manifest @types/passport@1.0.17
52 silly fetch manifest @types/passport-google-oauth20@2.0.16
53 silly placeDep ROOT @types/bcrypt@5.0.2 REPLACE for:  want: 5.0.2
54 silly placeDep ROOT @types/cors@2.8.18 REPLACE for:  want: 2.8.18
55 silly placeDep ROOT @types/express@5.0.2 REPLACE for:  want: 5.0.2
56 silly placeDep ROOT @types/jsonwebtoken@9.0.9 REPLACE for:  want: 9.0.9
57 silly placeDep ROOT @types/nodemailer@6.4.17 REPLACE for:  want: 6.4.17
58 silly placeDep ROOT @types/passport@1.0.17 REPLACE for:  want: 1.0.17
59 silly placeDep ROOT @types/passport-google-oauth20@2.0.16 REPLACE for:  want: 2.0.16
60 timing idealTree:#root Completed in 52ms
61 timing idealTree:node_modules/@types/bcrypt Completed in 0ms
62 timing idealTree:node_modules/@types/cors Completed in 0ms
63 timing idealTree:node_modules/@types/express Completed in 0ms
64 timing idealTree:node_modules/@types/jsonwebtoken Completed in 0ms
65 timing idealTree:node_modules/@types/nodemailer Completed in 0ms
66 timing idealTree:node_modules/@types/passport Completed in 0ms
67 timing idealTree:node_modules/@types/passport-google-oauth20 Completed in 0ms
68 timing idealTree:buildDeps Completed in 55ms
69 timing idealTree:fixDepFlags Completed in 0ms
70 timing idealTree Completed in 1761ms
71 timing reify:loadTrees Completed in 1762ms
72 timing reify:diffTrees Completed in 3ms
73 silly reify moves {}
74 timing reify:retireShallow Completed in 2ms
75 timing reify:createSparse Completed in 0ms
76 timing reify:loadBundles Completed in 0ms
77 silly audit bulk request {
77 silly audit   '@types/body-parser': [ '1.19.5' ],
77 silly audit   '@types/connect': [ '3.4.38' ],
77 silly audit   '@types/express-serve-static-core': [ '5.0.6' ],
77 silly audit   '@types/http-errors': [ '2.0.4' ],
77 silly audit   '@types/mime': [ '1.3.5' ],
77 silly audit   '@types/ms': [ '2.1.0' ],
77 silly audit   '@types/node': [ '22.14.0' ],
77 silly audit   '@types/oauth': [ '0.9.6' ],
77 silly audit   '@types/passport-oauth2': [ '1.4.17' ],
77 silly audit   '@types/qs': [ '6.9.18' ],
77 silly audit   '@types/range-parser': [ '1.2.7' ],
77 silly audit   '@types/send': [ '0.17.4' ],
77 silly audit   '@types/serve-static': [ '1.15.7' ],
77 silly audit   'types-registry': [ '0.1.721' ],
77 silly audit   'undici-types': [ '6.21.0' ],
77 silly audit   '@types/bcrypt': [ '5.0.2' ],
77 silly audit   '@types/cors': [ '2.8.18' ],
77 silly audit   '@types/express': [ '5.0.2' ],
77 silly audit   '@types/jsonwebtoken': [ '9.0.9' ],
77 silly audit   '@types/nodemailer': [ '6.4.17' ],
77 silly audit   '@types/passport': [ '1.0.17' ],
77 silly audit   '@types/passport-google-oauth20': [ '2.0.16' ]
77 silly audit }
78 timing reify:unpack Completed in 4ms
79 timing reify:unretire Completed in 0ms
80 timing build:queue Completed in 0ms
81 timing build:deps Completed in 0ms
82 timing build Completed in 0ms
83 timing reify:build Completed in 1ms
84 timing reify:trash Completed in 0ms
85 timing reify:save Completed in 58ms
86 http fetch POST 200 https://registry.npmjs.org/-/npm/v1/security/advisories/bulk 406ms
87 timing auditReport:getReport Completed in 409ms
88 silly audit report {}
89 timing auditReport:init Completed in 0ms
90 timing reify:audit Completed in 412ms
91 timing reify Completed in 2210ms
92 timing command:install Completed in 2230ms
93 verbose exit 0
94 timing npm Completed in 2506ms
95 info ok
