0 verbose cli /usr/bin/node /usr/bin/npm
1 info using npm@9.2.0
2 info using node@v18.19.1
3 timing npm:load:whichnode Completed in 1ms
4 timing config:load:defaults Completed in 10ms
5 timing config:load:file:/usr/share/nodejs/npm/npmrc Completed in 15ms
6 timing config:load:builtin Completed in 15ms
7 timing config:load:cli Completed in 12ms
8 timing config:load:env Completed in 3ms
9 timing config:load:file:/root/.cache/typescript/5.8/.npmrc Completed in 2ms
10 timing config:load:project Completed in 50ms
11 timing config:load:file:/root/.npmrc Completed in 3ms
12 timing config:load:user Completed in 3ms
13 timing config:load:file:/etc/npmrc Completed in 5ms
14 timing config:load:global Completed in 5ms
15 timing config:load:setEnvs Completed in 5ms
16 timing config:load Completed in 104ms
17 timing npm:load:configload Completed in 104ms
18 timing npm:load:mkdirpcache Completed in 7ms
19 timing npm:load:mkdirplogs Completed in 1ms
20 verbose title npm install types-registry@latest
21 verbose argv "install" "--ignore-scripts" "types-registry@latest"
22 timing npm:load:setTitle Completed in 4ms
23 timing config:load:flatten Completed in 8ms
24 timing npm:load:display Completed in 10ms
25 verbose logfile logs-max:10 dir:/root/.npm/_logs/2025-05-17T19_04_26_534Z-
26 verbose logfile /root/.npm/_logs/2025-05-17T19_04_26_534Z-debug-0.log
27 timing npm:load:logFile Completed in 13ms
28 timing npm:load:timers Completed in 0ms
29 timing npm:load:configScope Completed in 0ms
30 timing npm:load Completed in 142ms
31 silly logfile start cleaning logs, removing 1 files
32 timing config:load:flatten Completed in 3ms
33 timing arborist:ctor Completed in 3ms
34 silly logfile done cleaning log files
35 timing idealTree:init Completed in 155ms
36 timing arborist:ctor Completed in 1ms
37 http fetch GET 200 https://registry.npmjs.org/types-registry 321ms (cache revalidated)
38 timing idealTree:userRequests Completed in 409ms
39 silly idealTree buildDeps
40 silly fetch manifest types-registry@0.1.720
41 silly placeDep ROOT types-registry@0.1.720 REPLACE for:  want: 0.1.720
42 timing idealTree:#root Completed in 23ms
43 timing idealTree:node_modules/types-registry Completed in 1ms
44 timing idealTree:buildDeps Completed in 26ms
45 timing idealTree:fixDepFlags Completed in 0ms
46 timing idealTree Completed in 600ms
47 timing reify:loadTrees Completed in 602ms
48 timing reify:diffTrees Completed in 4ms
49 silly reify moves {}
50 timing reify:retireShallow Completed in 8ms
51 timing reify:createSparse Completed in 0ms
52 timing reify:loadBundles Completed in 0ms
53 silly audit bulk request {
53 silly audit   '@types/bcrypt': [ '5.0.2' ],
53 silly audit   '@types/body-parser': [ '1.19.5' ],
53 silly audit   '@types/connect': [ '3.4.38' ],
53 silly audit   '@types/cors': [ '2.8.18' ],
53 silly audit   '@types/express': [ '5.0.2' ],
53 silly audit   '@types/express-serve-static-core': [ '5.0.6' ],
53 silly audit   '@types/http-errors': [ '2.0.4' ],
53 silly audit   '@types/jsonwebtoken': [ '9.0.9' ],
53 silly audit   '@types/mime': [ '1.3.5' ],
53 silly audit   '@types/ms': [ '2.1.0' ],
53 silly audit   '@types/node': [ '22.14.0' ],
53 silly audit   '@types/nodemailer': [ '6.4.17' ],
53 silly audit   '@types/oauth': [ '0.9.6' ],
53 silly audit   '@types/passport': [ '1.0.17' ],
53 silly audit   '@types/passport-google-oauth20': [ '2.0.16' ],
53 silly audit   '@types/passport-oauth2': [ '1.4.17' ],
53 silly audit   '@types/qs': [ '6.9.18' ],
53 silly audit   '@types/range-parser': [ '1.2.7' ],
53 silly audit   '@types/send': [ '0.17.4' ],
53 silly audit   '@types/serve-static': [ '1.15.7' ],
53 silly audit   'undici-types': [ '6.21.0' ],
53 silly audit   'types-registry': [ '0.1.720' ]
53 silly audit }
54 timing reify:unpack Completed in 1ms
55 timing reify:unretire Completed in 0ms
56 timing build:queue Completed in 0ms
57 timing build:deps Completed in 1ms
58 timing build Completed in 1ms
59 timing reify:build Completed in 2ms
60 timing reify:trash Completed in 0ms
61 timing reify:save Completed in 89ms
62 http fetch POST 200 https://registry.npmjs.org/-/npm/v1/security/advisories/bulk 356ms
63 timing auditReport:getReport Completed in 366ms
64 silly audit report {}
65 timing auditReport:init Completed in 0ms
66 timing reify:audit Completed in 371ms
67 timing reify Completed in 999ms
68 timing command:install Completed in 1025ms
69 verbose exit 0
70 timing npm Completed in 1224ms
71 info ok
