0 verbose cli /usr/bin/node /usr/bin/npm
1 info using npm@9.2.0
2 info using node@v18.19.1
3 timing npm:load:whichnode Completed in 1ms
4 timing config:load:defaults Completed in 3ms
5 timing config:load:file:/usr/share/nodejs/npm/npmrc Completed in 2ms
6 timing config:load:builtin Completed in 3ms
7 timing config:load:cli Completed in 5ms
8 timing config:load:env Completed in 0ms
9 timing config:load:file:/root/.cache/typescript/5.8/.npmrc Completed in 4ms
10 timing config:load:project Completed in 101ms
11 timing config:load:file:/root/.npmrc Completed in 2ms
12 timing config:load:user Completed in 2ms
13 timing config:load:file:/etc/npmrc Completed in 3ms
14 timing config:load:global Completed in 4ms
15 timing config:load:setEnvs Completed in 2ms
16 timing config:load Completed in 120ms
17 timing npm:load:configload Completed in 120ms
18 timing npm:load:mkdirpcache Completed in 10ms
19 timing npm:load:mkdirplogs Completed in 6ms
20 verbose title npm install @types/bcrypt@ts5.8 @types/cors@ts5.8 @types/express@ts5.8 @types/jsonwebtoken@ts5.8 @types/nodemailer@ts5.8 @types/passport@ts5.8 @types/passport-google-oauth20@ts5.8 @types/react@ts5.8
21 verbose argv "install" "--ignore-scripts" "@types/bcrypt@ts5.8" "@types/cors@ts5.8" "@types/express@ts5.8" "@types/jsonwebtoken@ts5.8" "@types/nodemailer@ts5.8" "@types/passport@ts5.8" "@types/passport-google-oauth20@ts5.8" "@types/react@ts5.8" "--save-dev" "--user-agent" "typesInstaller/5.8.3"
22 timing npm:load:setTitle Completed in 3ms
23 timing config:load:flatten Completed in 15ms
24 timing npm:load:display Completed in 17ms
25 verbose logfile logs-max:10 dir:/root/.npm/_logs/2025-05-19T22_58_57_352Z-
26 verbose logfile /root/.npm/_logs/2025-05-19T22_58_57_352Z-debug-0.log
27 timing npm:load:logFile Completed in 34ms
28 timing npm:load:timers Completed in 0ms
29 timing npm:load:configScope Completed in 1ms
30 timing npm:load Completed in 192ms
31 timing config:load:flatten Completed in 1ms
32 timing arborist:ctor Completed in 2ms
33 silly logfile start cleaning logs, removing 1 files
34 silly logfile done cleaning log files
35 timing idealTree:init Completed in 156ms
36 timing arborist:ctor Completed in 1ms
37 http fetch GET 200 https://registry.npmjs.org/@types%2fbcrypt 576ms (cache revalidated)
38 http fetch GET 200 https://registry.npmjs.org/@types%2fjsonwebtoken 603ms (cache revalidated)
39 http fetch GET 200 https://registry.npmjs.org/@types%2fcors 607ms (cache revalidated)
40 http fetch GET 200 https://registry.npmjs.org/@types%2fnodemailer 610ms (cache revalidated)
41 http fetch GET 200 https://registry.npmjs.org/@types%2fexpress 613ms (cache revalidated)
42 http fetch GET 200 https://registry.npmjs.org/@types%2fpassport 635ms (cache revalidated)
43 http fetch GET 200 https://registry.npmjs.org/@types%2fpassport-google-oauth20 637ms (cache revalidated)
44 http fetch GET 200 https://registry.npmjs.org/@types%2freact 684ms (cache miss)
45 timing idealTree:userRequests Completed in 709ms
46 silly idealTree buildDeps
47 silly fetch manifest @types/bcrypt@5.0.2
48 silly fetch manifest @types/cors@2.8.18
49 silly fetch manifest @types/express@5.0.2
50 silly fetch manifest @types/jsonwebtoken@9.0.9
51 silly fetch manifest @types/nodemailer@6.4.17
52 silly fetch manifest @types/passport@1.0.17
53 silly fetch manifest @types/passport-google-oauth20@2.0.16
54 silly fetch manifest @types/react@19.1.4
55 silly placeDep ROOT @types/bcrypt@5.0.2 REPLACE for:  want: 5.0.2
56 silly placeDep ROOT @types/cors@2.8.18 REPLACE for:  want: 2.8.18
57 silly placeDep ROOT @types/express@5.0.2 REPLACE for:  want: 5.0.2
58 silly placeDep ROOT @types/jsonwebtoken@9.0.9 REPLACE for:  want: 9.0.9
59 silly placeDep ROOT @types/nodemailer@6.4.17 REPLACE for:  want: 6.4.17
60 silly placeDep ROOT @types/passport@1.0.17 REPLACE for:  want: 1.0.17
61 silly placeDep ROOT @types/passport-google-oauth20@2.0.16 REPLACE for:  want: 2.0.16
62 silly placeDep ROOT @types/react@19.1.4 OK for:  want: 19.1.4
63 silly fetch manifest csstype@^3.0.2
64 http fetch GET 200 https://registry.npmjs.org/csstype 128ms (cache miss)
65 timing idealTree:#root Completed in 201ms
66 timing idealTree:node_modules/@types/bcrypt Completed in 0ms
67 timing idealTree:node_modules/@types/cors Completed in 0ms
68 timing idealTree:node_modules/@types/express Completed in 0ms
69 timing idealTree:node_modules/@types/jsonwebtoken Completed in 0ms
70 timing idealTree:node_modules/@types/nodemailer Completed in 0ms
71 timing idealTree:node_modules/@types/passport Completed in 0ms
72 timing idealTree:node_modules/@types/passport-google-oauth20 Completed in 0ms
73 silly placeDep ROOT csstype@3.1.3 OK for: @types/react@19.1.4 want: ^3.0.2
74 timing idealTree:node_modules/@types/react Completed in 5ms
75 timing idealTree:node_modules/csstype Completed in 0ms
76 timing idealTree:buildDeps Completed in 212ms
77 timing idealTree:fixDepFlags Completed in 1ms
78 timing idealTree Completed in 1082ms
79 timing reify:loadTrees Completed in 1085ms
80 timing reify:diffTrees Completed in 3ms
81 silly reify moves {}
82 timing reify:retireShallow Completed in 2ms
83 timing reify:createSparse Completed in 3ms
84 timing reify:loadBundles Completed in 0ms
85 silly audit bulk request {
85 silly audit   '@types/body-parser': [ '1.19.5' ],
85 silly audit   '@types/connect': [ '3.4.38' ],
85 silly audit   '@types/express-serve-static-core': [ '5.0.6' ],
85 silly audit   '@types/http-errors': [ '2.0.4' ],
85 silly audit   '@types/mime': [ '1.3.5' ],
85 silly audit   '@types/ms': [ '2.1.0' ],
85 silly audit   '@types/node': [ '22.14.0' ],
85 silly audit   '@types/oauth': [ '0.9.6' ],
85 silly audit   '@types/passport-oauth2': [ '1.4.17' ],
85 silly audit   '@types/qs': [ '6.9.18' ],
85 silly audit   '@types/range-parser': [ '1.2.7' ],
85 silly audit   '@types/send': [ '0.17.4' ],
85 silly audit   '@types/serve-static': [ '1.15.7' ],
85 silly audit   'types-registry': [ '0.1.721' ],
85 silly audit   'undici-types': [ '6.21.0' ],
85 silly audit   '@types/bcrypt': [ '5.0.2' ],
85 silly audit   '@types/cors': [ '2.8.18' ],
85 silly audit   '@types/express': [ '5.0.2' ],
85 silly audit   '@types/jsonwebtoken': [ '9.0.9' ],
85 silly audit   '@types/nodemailer': [ '6.4.17' ],
85 silly audit   '@types/passport': [ '1.0.17' ],
85 silly audit   '@types/passport-google-oauth20': [ '2.0.16' ],
85 silly audit   '@types/react': [ '19.1.4' ],
85 silly audit   csstype: [ '3.1.3' ]
85 silly audit }
86 silly tarball no local data for csstype@https://registry.npmjs.org/csstype/-/csstype-3.1.3.tgz. Extracting by manifest.
87 silly tarball no local data for @types/react@https://registry.npmjs.org/@types/react/-/react-19.1.4.tgz. Extracting by manifest.
88 http fetch POST 200 https://registry.npmjs.org/-/npm/v1/security/advisories/bulk 241ms
89 timing auditReport:getReport Completed in 248ms
90 silly audit report {}
91 timing auditReport:init Completed in 0ms
92 timing reify:audit Completed in 250ms
93 http fetch GET 200 https://registry.npmjs.org/@types/react/-/react-19.1.4.tgz 343ms (cache miss)
94 timing reifyNode:node_modules/@types/react Completed in 363ms
95 http fetch GET 200 https://registry.npmjs.org/csstype/-/csstype-3.1.3.tgz 351ms (cache miss)
96 timing reifyNode:node_modules/csstype Completed in 365ms
97 timing reify:unpack Completed in 365ms
98 timing reify:unretire Completed in 1ms
99 timing build:queue Completed in 0ms
100 timing build:deps Completed in 1ms
101 timing build Completed in 1ms
102 timing reify:build Completed in 2ms
103 timing reify:trash Completed in 0ms
104 timing reify:save Completed in 29ms
105 timing reify Completed in 1540ms
106 silly ADD node_modules/csstype
107 silly ADD node_modules/@types/react
108 timing command:install Completed in 1553ms
109 verbose exit 0
110 timing npm Completed in 1780ms
111 info ok
