2025-05-05 18:56:41.275 [info] [main] Log level: Info
2025-05-05 18:56:41.275 [info] [main] Validating found git in: "git"
2025-05-05 18:56:41.275 [info] [main] Using git "2.43.0" from "git"
2025-05-05 18:56:41.275 [info] [Model][doInitialScan] Initial repository scan started
2025-05-05 18:56:41.275 [info] > git rev-parse --show-toplevel [20ms]
2025-05-05 18:56:41.275 [info] fatal: not a git repository (or any of the parent directories): .git
2025-05-05 18:56:41.304 [info] > git rev-parse --show-toplevel [25ms]
2025-05-05 18:56:41.304 [info] fatal: not a git repository (or any of the parent directories): .git
2025-05-05 18:56:48.531 [info] > git rev-parse --show-toplevel [87ms]
2025-05-05 18:56:48.531 [info] fatal: not a git repository (or any of the parent directories): .git
2025-05-05 18:56:49.578 [info] > git rev-parse --show-toplevel [1027ms]
2025-05-05 18:56:49.578 [info] fatal: not a git repository (or any of the parent directories): .git
2025-05-05 18:56:50.585 [info] > git rev-parse --show-toplevel [26ms]
2025-05-05 18:56:50.585 [info] fatal: not a git repository (or any of the parent directories): .git
2025-05-05 18:56:51.300 [info] > git rev-parse --show-toplevel [81ms]
2025-05-05 18:56:51.300 [info] fatal: not a git repository (or any of the parent directories): .git
2025-05-05 18:56:51.458 [info] > git rev-parse --show-toplevel [59ms]
2025-05-05 18:56:51.458 [info] fatal: not a git repository (or any of the parent directories): .git
2025-05-05 18:56:51.563 [info] > git rev-parse --show-toplevel [75ms]
2025-05-05 18:56:51.563 [info] fatal: not a git repository (or any of the parent directories): .git
2025-05-05 18:56:51.640 [info] > git rev-parse --show-toplevel [60ms]
2025-05-05 18:56:51.640 [info] fatal: not a git repository (or any of the parent directories): .git
2025-05-05 18:56:51.656 [info] > git rev-parse --show-toplevel [9ms]
2025-05-05 18:56:51.656 [info] fatal: not a git repository (or any of the parent directories): .git
2025-05-05 18:56:51.692 [info] > git rev-parse --show-toplevel [1ms]
2025-05-05 18:56:51.693 [info] fatal: not a git repository (or any of the parent directories): .git
2025-05-05 18:56:51.837 [info] > git rev-parse --show-toplevel [125ms]
2025-05-05 18:56:51.837 [info] fatal: not a git repository (or any of the parent directories): .git
2025-05-05 18:56:52.096 [info] > git rev-parse --show-toplevel [195ms]
2025-05-05 18:56:52.096 [info] fatal: not a git repository (or any of the parent directories): .git
2025-05-05 18:56:52.457 [info] > git rev-parse --show-toplevel [10ms]
2025-05-05 18:56:52.457 [info] fatal: not a git repository (or any of the parent directories): .git
2025-05-05 18:56:52.778 [info] > git rev-parse --show-toplevel [15ms]
2025-05-05 18:56:52.778 [info] fatal: not a git repository (or any of the parent directories): .git
2025-05-05 18:56:52.783 [info] [Model][doInitialScan] Initial repository scan completed - repositories (0), closed repositories (0), parent repositories (0), unsafe repositories (0)
2025-05-05 18:57:18.893 [info] > git rev-parse --show-toplevel [7ms]
2025-05-05 18:57:18.893 [info] fatal: not a git repository (or any of the parent directories): .git
