2025-05-06 17:18:04.304 [info] [main] Log level: Info
2025-05-06 17:18:04.304 [info] [main] Validating found git in: "git"
2025-05-06 17:18:04.304 [info] [main] Using git "2.43.0" from "git"
2025-05-06 17:18:04.304 [info] [Model][doInitialScan] Initial repository scan started
2025-05-06 17:18:04.304 [info] > git rev-parse --show-toplevel [23ms]
2025-05-06 17:18:04.304 [info] fatal: not a git repository (or any of the parent directories): .git
2025-05-06 17:18:04.304 [info] > git rev-parse --show-toplevel [175ms]
2025-05-06 17:18:04.304 [info] fatal: not a git repository (or any of the parent directories): .git
2025-05-06 17:18:05.717 [info] > git rev-parse --show-toplevel [10ms]
2025-05-06 17:18:05.717 [info] fatal: not a git repository (or any of the parent directories): .git
2025-05-06 17:18:07.637 [info] > git rev-parse --show-toplevel [1913ms]
2025-05-06 17:18:07.637 [info] fatal: not a git repository (or any of the parent directories): .git
2025-05-06 17:18:08.129 [info] > git rev-parse --show-toplevel [40ms]
2025-05-06 17:18:08.129 [info] fatal: not a git repository (or any of the parent directories): .git
2025-05-06 17:18:08.470 [info] > git rev-parse --show-toplevel [249ms]
2025-05-06 17:18:08.470 [info] fatal: not a git repository (or any of the parent directories): .git
2025-05-06 17:18:08.487 [info] > git rev-parse --show-toplevel [2ms]
2025-05-06 17:18:08.488 [info] fatal: not a git repository (or any of the parent directories): .git
2025-05-06 17:18:08.500 [info] > git rev-parse --show-toplevel [5ms]
2025-05-06 17:18:08.500 [info] fatal: not a git repository (or any of the parent directories): .git
2025-05-06 17:18:08.509 [info] > git rev-parse --show-toplevel [0ms]
2025-05-06 17:18:08.509 [info] fatal: not a git repository (or any of the parent directories): .git
2025-05-06 17:18:08.516 [info] > git rev-parse --show-toplevel [1ms]
2025-05-06 17:18:08.516 [info] fatal: not a git repository (or any of the parent directories): .git
2025-05-06 17:18:08.524 [info] > git rev-parse --show-toplevel [1ms]
2025-05-06 17:18:08.524 [info] fatal: not a git repository (or any of the parent directories): .git
2025-05-06 17:18:08.531 [info] > git rev-parse --show-toplevel [2ms]
2025-05-06 17:18:08.531 [info] fatal: not a git repository (or any of the parent directories): .git
2025-05-06 17:18:08.539 [info] > git rev-parse --show-toplevel [1ms]
2025-05-06 17:18:08.539 [info] fatal: not a git repository (or any of the parent directories): .git
2025-05-06 17:18:08.547 [info] > git rev-parse --show-toplevel [1ms]
2025-05-06 17:18:08.547 [info] fatal: not a git repository (or any of the parent directories): .git
2025-05-06 17:18:08.554 [info] > git rev-parse --show-toplevel [2ms]
2025-05-06 17:18:08.554 [info] fatal: not a git repository (or any of the parent directories): .git
2025-05-06 17:18:08.557 [info] [Model][doInitialScan] Initial repository scan completed - repositories (0), closed repositories (0), parent repositories (0), unsafe repositories (0)
