2025-05-02 02:47:48.375 [info] [main] Log level: Info
2025-05-02 02:47:48.376 [info] [main] Validating found git in: "git"
2025-05-02 02:47:48.376 [info] [main] Using git "2.43.0" from "git"
2025-05-02 02:47:48.376 [info] [Model][doInitialScan] Initial repository scan started
2025-05-02 02:47:48.376 [info] > git rev-parse --show-toplevel [73ms]
2025-05-02 02:47:48.376 [info] fatal: not a git repository (or any of the parent directories): .git
2025-05-02 02:47:48.376 [info] > git rev-parse --show-toplevel [100ms]
2025-05-02 02:47:48.376 [info] fatal: not a git repository (or any of the parent directories): .git
2025-05-02 02:47:48.625 [info] > git rev-parse --show-toplevel [8ms]
2025-05-02 02:47:48.625 [info] fatal: not a git repository (or any of the parent directories): .git
2025-05-02 02:47:48.642 [info] > git rev-parse --show-toplevel [4ms]
2025-05-02 02:47:48.642 [info] fatal: not a git repository (or any of the parent directories): .git
2025-05-02 02:47:48.661 [info] > git rev-parse --show-toplevel [8ms]
2025-05-02 02:47:48.661 [info] fatal: not a git repository (or any of the parent directories): .git
2025-05-02 02:47:48.688 [info] > git rev-parse --show-toplevel [8ms]
2025-05-02 02:47:48.689 [info] fatal: not a git repository (or any of the parent directories): .git
2025-05-02 02:47:48.700 [info] > git rev-parse --show-toplevel [3ms]
2025-05-02 02:47:48.700 [info] fatal: not a git repository (or any of the parent directories): .git
2025-05-02 02:47:48.717 [info] > git rev-parse --show-toplevel [5ms]
2025-05-02 02:47:48.717 [info] fatal: not a git repository (or any of the parent directories): .git
2025-05-02 02:47:48.735 [info] > git rev-parse --show-toplevel [9ms]
2025-05-02 02:47:48.735 [info] fatal: not a git repository (or any of the parent directories): .git
2025-05-02 02:47:48.758 [info] > git rev-parse --show-toplevel [10ms]
2025-05-02 02:47:48.761 [info] fatal: not a git repository (or any of the parent directories): .git
2025-05-02 02:47:48.809 [info] > git rev-parse --show-toplevel [10ms]
2025-05-02 02:47:48.809 [info] fatal: not a git repository (or any of the parent directories): .git
2025-05-02 02:47:48.824 [info] > git rev-parse --show-toplevel [4ms]
2025-05-02 02:47:48.824 [info] fatal: not a git repository (or any of the parent directories): .git
2025-05-02 02:47:48.838 [info] > git rev-parse --show-toplevel [6ms]
2025-05-02 02:47:48.838 [info] fatal: not a git repository (or any of the parent directories): .git
2025-05-02 02:47:48.850 [info] > git rev-parse --show-toplevel [4ms]
2025-05-02 02:47:48.850 [info] fatal: not a git repository (or any of the parent directories): .git
2025-05-02 02:47:48.869 [info] > git rev-parse --show-toplevel [12ms]
2025-05-02 02:47:48.869 [info] fatal: not a git repository (or any of the parent directories): .git
2025-05-02 02:47:48.875 [info] [Model][doInitialScan] Initial repository scan completed - repositories (0), closed repositories (0), parent repositories (0), unsafe repositories (0)
2025-05-02 02:49:32.125 [info] > git rev-parse --show-toplevel [3ms]
2025-05-02 02:49:32.125 [info] fatal: not a git repository (or any of the parent directories): .git
2025-05-02 02:53:08.177 [info] > git rev-parse --show-toplevel [11ms]
2025-05-02 02:53:08.177 [info] fatal: not a git repository (or any of the parent directories): .git
2025-05-02 03:14:51.053 [info] > git rev-parse --show-toplevel [19ms]
2025-05-02 03:14:51.054 [info] fatal: not a git repository (or any of the parent directories): .git
