2025-05-03 22:43:21.186 [info] [main] Log level: Info
2025-05-03 22:43:21.186 [info] [main] Validating found git in: "git"
2025-05-03 22:43:21.186 [info] [main] Using git "2.43.0" from "git"
2025-05-03 22:43:21.186 [info] [Model][doInitialScan] Initial repository scan started
2025-05-03 22:43:21.187 [info] > git rev-parse --show-toplevel [74ms]
2025-05-03 22:43:21.187 [info] fatal: not a git repository (or any of the parent directories): .git
2025-05-03 22:43:21.187 [info] > git rev-parse --show-toplevel [199ms]
2025-05-03 22:43:21.187 [info] fatal: not a git repository (or any of the parent directories): .git
2025-05-03 22:43:22.042 [info] > git rev-parse --show-toplevel [18ms]
2025-05-03 22:43:22.043 [info] fatal: not a git repository (or any of the parent directories): .git
2025-05-03 22:43:22.102 [info] > git rev-parse --show-toplevel [52ms]
2025-05-03 22:43:22.102 [info] fatal: not a git repository (or any of the parent directories): .git
2025-05-03 22:43:23.138 [info] > git rev-parse --show-toplevel [1030ms]
2025-05-03 22:43:23.138 [info] fatal: not a git repository (or any of the parent directories): .git
2025-05-03 22:43:23.195 [info] > git rev-parse --show-toplevel [48ms]
2025-05-03 22:43:23.196 [info] fatal: not a git repository (or any of the parent directories): .git
2025-05-03 22:43:23.259 [info] > git rev-parse --show-toplevel [47ms]
2025-05-03 22:43:23.259 [info] fatal: not a git repository (or any of the parent directories): .git
2025-05-03 22:43:23.716 [info] > git rev-parse --show-toplevel [441ms]
2025-05-03 22:43:23.716 [info] fatal: not a git repository (or any of the parent directories): .git
2025-05-03 22:43:24.579 [info] > git rev-parse --show-toplevel [856ms]
2025-05-03 22:43:24.579 [info] fatal: not a git repository (or any of the parent directories): .git
2025-05-03 22:43:24.593 [info] > git rev-parse --show-toplevel [3ms]
2025-05-03 22:43:24.594 [info] fatal: not a git repository (or any of the parent directories): .git
2025-05-03 22:43:24.639 [info] > git rev-parse --show-toplevel [30ms]
2025-05-03 22:43:24.639 [info] fatal: not a git repository (or any of the parent directories): .git
2025-05-03 22:43:24.650 [info] > git rev-parse --show-toplevel [2ms]
2025-05-03 22:43:24.651 [info] fatal: not a git repository (or any of the parent directories): .git
2025-05-03 22:43:24.669 [info] > git rev-parse --show-toplevel [4ms]
2025-05-03 22:43:24.669 [info] fatal: not a git repository (or any of the parent directories): .git
2025-05-03 22:43:24.691 [info] > git rev-parse --show-toplevel [10ms]
2025-05-03 22:43:24.692 [info] fatal: not a git repository (or any of the parent directories): .git
2025-05-03 22:43:24.699 [info] [Model][doInitialScan] Initial repository scan completed - repositories (0), closed repositories (0), parent repositories (0), unsafe repositories (0)
2025-05-03 22:45:10.871 [info] > git rev-parse --show-toplevel [4ms]
2025-05-03 22:45:10.871 [info] fatal: not a git repository (or any of the parent directories): .git
2025-05-03 22:45:11.295 [info] > git rev-parse --show-toplevel [4ms]
2025-05-03 22:45:11.295 [info] fatal: not a git repository (or any of the parent directories): .git
2025-05-03 22:50:31.656 [info] > git rev-parse --show-toplevel [2ms]
2025-05-03 22:50:31.656 [info] fatal: not a git repository (or any of the parent directories): .git
2025-05-03 22:52:45.537 [info] > git rev-parse --show-toplevel [5ms]
2025-05-03 22:52:45.537 [info] fatal: not a git repository (or any of the parent directories): .git
2025-05-03 22:55:26.026 [info] > git rev-parse --show-toplevel [3ms]
2025-05-03 22:55:26.026 [info] fatal: not a git repository (or any of the parent directories): .git
2025-05-04 01:27:53.967 [info] > git rev-parse --show-toplevel [6ms]
2025-05-04 01:27:53.967 [info] fatal: not a git repository (or any of the parent directories): .git
2025-05-04 01:28:25.233 [info] > git rev-parse --show-toplevel [5ms]
2025-05-04 01:28:25.234 [info] fatal: not a git repository (or any of the parent directories): .git
2025-05-04 01:28:34.006 [info] > git rev-parse --show-toplevel [5ms]
2025-05-04 01:28:34.006 [info] fatal: not a git repository (or any of the parent directories): .git
2025-05-04 01:28:45.535 [info] > git rev-parse --show-toplevel [6ms]
2025-05-04 01:28:45.535 [info] fatal: not a git repository (or any of the parent directories): .git
2025-05-04 01:28:46.017 [info] > git rev-parse --show-toplevel [5ms]
2025-05-04 01:28:46.018 [info] fatal: not a git repository (or any of the parent directories): .git
2025-05-04 01:28:48.200 [info] > git rev-parse --show-toplevel [3ms]
2025-05-04 01:28:48.200 [info] fatal: not a git repository (or any of the parent directories): .git
2025-05-04 01:28:49.994 [info] > git rev-parse --show-toplevel [5ms]
2025-05-04 01:28:49.994 [info] fatal: not a git repository (or any of the parent directories): .git
2025-05-04 01:28:54.344 [info] > git rev-parse --show-toplevel [5ms]
2025-05-04 01:28:54.344 [info] fatal: not a git repository (or any of the parent directories): .git
2025-05-04 01:28:54.466 [info] > git rev-parse --show-toplevel [13ms]
2025-05-04 01:28:54.466 [info] fatal: not a git repository (or any of the parent directories): .git
2025-05-04 01:28:55.162 [info] > git rev-parse --show-toplevel [6ms]
2025-05-04 01:28:55.162 [info] fatal: not a git repository (or any of the parent directories): .git
2025-05-04 01:29:27.618 [info] > git rev-parse --show-toplevel [6ms]
2025-05-04 01:29:27.618 [info] fatal: not a git repository (or any of the parent directories): .git
2025-05-04 01:35:07.279 [info] > git rev-parse --show-toplevel [4ms]
2025-05-04 01:35:07.280 [info] fatal: not a git repository (or any of the parent directories): .git
2025-05-04 01:35:31.813 [info] > git rev-parse --show-toplevel [5ms]
2025-05-04 01:35:31.814 [info] fatal: not a git repository (or any of the parent directories): .git
2025-05-04 01:38:45.141 [info] > git rev-parse --show-toplevel [3ms]
2025-05-04 01:38:45.141 [info] fatal: not a git repository (or any of the parent directories): .git
2025-05-04 01:45:17.252 [info] > git rev-parse --show-toplevel [5ms]
2025-05-04 01:45:17.252 [info] fatal: not a git repository (or any of the parent directories): .git
2025-05-04 01:45:18.008 [info] > git rev-parse --show-toplevel [3ms]
2025-05-04 01:45:18.008 [info] fatal: not a git repository (or any of the parent directories): .git
2025-05-04 01:45:18.829 [info] > git rev-parse --show-toplevel [8ms]
2025-05-04 01:45:18.829 [info] fatal: not a git repository (or any of the parent directories): .git
2025-05-04 01:45:20.419 [info] > git rev-parse --show-toplevel [5ms]
2025-05-04 01:45:20.419 [info] fatal: not a git repository (or any of the parent directories): .git
