2025-05-17 22:04:06.839 [info] [main] Log level: Info
2025-05-17 22:04:06.839 [info] [main] Validating found git in: "git"
2025-05-17 22:04:06.839 [info] [main] Using git "2.43.0" from "git"
2025-05-17 22:04:06.839 [info] [Model][doInitialScan] Initial repository scan started
2025-05-17 22:04:06.839 [info] > git rev-parse --show-toplevel [42ms]
2025-05-17 22:04:06.839 [info] fatal: not a git repository (or any of the parent directories): .git
2025-05-17 22:04:06.839 [info] > git rev-parse --show-toplevel [4088ms]
2025-05-17 22:04:06.839 [info] fatal: not a git repository (or any of the parent directories): .git
2025-05-17 22:04:06.839 [info] > git rev-parse --show-toplevel [82ms]
2025-05-17 22:04:06.839 [info] fatal: not a git repository (or any of the parent directories): .git
2025-05-17 22:04:09.835 [info] > git rev-parse --show-toplevel [1370ms]
2025-05-17 22:04:09.835 [info] fatal: not a git repository (or any of the parent directories): .git
2025-05-17 22:04:09.857 [info] > git rev-parse --show-toplevel [5ms]
2025-05-17 22:04:09.857 [info] fatal: not a git repository (or any of the parent directories): .git
2025-05-17 22:04:09.874 [info] > git rev-parse --show-toplevel [2ms]
2025-05-17 22:04:09.875 [info] fatal: not a git repository (or any of the parent directories): .git
2025-05-17 22:04:09.958 [info] > git rev-parse --show-toplevel [74ms]
2025-05-17 22:04:09.958 [info] fatal: not a git repository (or any of the parent directories): .git
2025-05-17 22:04:09.971 [info] > git rev-parse --show-toplevel [4ms]
2025-05-17 22:04:09.971 [info] fatal: not a git repository (or any of the parent directories): .git
2025-05-17 22:04:09.987 [info] > git rev-parse --show-toplevel [8ms]
2025-05-17 22:04:09.988 [info] fatal: not a git repository (or any of the parent directories): .git
2025-05-17 22:04:10.002 [info] > git rev-parse --show-toplevel [6ms]
2025-05-17 22:04:10.003 [info] fatal: not a git repository (or any of the parent directories): .git
2025-05-17 22:04:10.017 [info] > git rev-parse --show-toplevel [4ms]
2025-05-17 22:04:10.018 [info] fatal: not a git repository (or any of the parent directories): .git
2025-05-17 22:04:10.029 [info] > git rev-parse --show-toplevel [3ms]
2025-05-17 22:04:10.030 [info] fatal: not a git repository (or any of the parent directories): .git
2025-05-17 22:04:10.041 [info] > git rev-parse --show-toplevel [3ms]
2025-05-17 22:04:10.042 [info] fatal: not a git repository (or any of the parent directories): .git
2025-05-17 22:04:10.055 [info] > git rev-parse --show-toplevel [5ms]
2025-05-17 22:04:10.055 [info] fatal: not a git repository (or any of the parent directories): .git
2025-05-17 22:04:10.069 [info] > git rev-parse --show-toplevel [5ms]
2025-05-17 22:04:10.070 [info] fatal: not a git repository (or any of the parent directories): .git
2025-05-17 22:04:10.081 [info] > git rev-parse --show-toplevel [2ms]
2025-05-17 22:04:10.082 [info] fatal: not a git repository (or any of the parent directories): .git
2025-05-17 22:04:10.085 [info] [Model][doInitialScan] Initial repository scan completed - repositories (0), closed repositories (0), parent repositories (0), unsafe repositories (0)
