2025-05-03 21:07:20.435 [info] [main] Log level: Info
2025-05-03 21:07:20.435 [info] [main] Validating found git in: "git"
2025-05-03 21:07:20.435 [info] [main] Using git "2.43.0" from "git"
2025-05-03 21:07:20.435 [info] [Model][doInitialScan] Initial repository scan started
2025-05-03 21:07:20.435 [info] > git rev-parse --show-toplevel [49ms]
2025-05-03 21:07:20.435 [info] fatal: not a git repository (or any of the parent directories): .git
2025-05-03 21:07:20.435 [info] > git rev-parse --show-toplevel [5348ms]
2025-05-03 21:07:20.435 [info] fatal: not a git repository (or any of the parent directories): .git
2025-05-03 21:07:22.843 [info] > git rev-parse --show-toplevel [57ms]
2025-05-03 21:07:22.843 [info] fatal: not a git repository (or any of the parent directories): .git
2025-05-03 21:07:24.575 [info] > git rev-parse --show-toplevel [547ms]
2025-05-03 21:07:24.575 [info] fatal: not a git repository (or any of the parent directories): .git
2025-05-03 21:07:25.030 [info] > git rev-parse --show-toplevel [428ms]
2025-05-03 21:07:25.032 [info] fatal: not a git repository (or any of the parent directories): .git
2025-05-03 21:07:25.081 [info] > git rev-parse --show-toplevel [35ms]
2025-05-03 21:07:25.082 [info] fatal: not a git repository (or any of the parent directories): .git
2025-05-03 21:07:25.094 [info] > git rev-parse --show-toplevel [4ms]
2025-05-03 21:07:25.094 [info] fatal: not a git repository (or any of the parent directories): .git
2025-05-03 21:07:25.106 [info] > git rev-parse --show-toplevel [4ms]
2025-05-03 21:07:25.106 [info] fatal: not a git repository (or any of the parent directories): .git
2025-05-03 21:07:25.130 [info] > git rev-parse --show-toplevel [6ms]
2025-05-03 21:07:25.130 [info] fatal: not a git repository (or any of the parent directories): .git
2025-05-03 21:07:25.157 [info] > git rev-parse --show-toplevel [8ms]
2025-05-03 21:07:25.157 [info] fatal: not a git repository (or any of the parent directories): .git
2025-05-03 21:07:25.167 [info] > git rev-parse --show-toplevel [1ms]
2025-05-03 21:07:25.167 [info] fatal: not a git repository (or any of the parent directories): .git
2025-05-03 21:07:25.176 [info] > git rev-parse --show-toplevel [2ms]
2025-05-03 21:07:25.177 [info] fatal: not a git repository (or any of the parent directories): .git
2025-05-03 21:07:25.187 [info] > git rev-parse --show-toplevel [2ms]
2025-05-03 21:07:25.187 [info] fatal: not a git repository (or any of the parent directories): .git
2025-05-03 21:07:25.195 [info] > git rev-parse --show-toplevel [2ms]
2025-05-03 21:07:25.195 [info] fatal: not a git repository (or any of the parent directories): .git
2025-05-03 21:07:25.200 [info] [Model][doInitialScan] Initial repository scan completed - repositories (0), closed repositories (0), parent repositories (0), unsafe repositories (0)
2025-05-03 21:38:57.263 [info] > git rev-parse --show-toplevel [15ms]
2025-05-03 21:38:57.263 [info] fatal: not a git repository (or any of the parent directories): .git
2025-05-03 21:52:29.025 [info] > git rev-parse --show-toplevel [2ms]
2025-05-03 21:52:29.025 [info] fatal: not a git repository (or any of the parent directories): .git
